------------------------------------------------------------
Timing Analyzer Summary
------------------------------------------------------------

Type  : Slow 1200mV 85C Model Setup 'clk'
Slack : -2.857
TNS   : -16.878

Type  : Slow 1200mV 85C Model Setup 'SerialDispatcher:U1|CurrentState.IDLE'
Slack : -0.745
TNS   : -3.482

Type  : Slow 1200mV 85C Model Setup 'sclk'
Slack : -0.257
TNS   : -2.406

Type  : Slow 1200mV 85C Model Hold 'SerialDispatcher:U1|CurrentState.IDLE'
Slack : -0.022
TNS   : -0.119

Type  : Slow 1200mV 85C Model Hold 'clk'
Slack : 0.219
TNS   : 0.000

Type  : Slow 1200mV 85C Model Hold 'sclk'
Slack : 0.324
TNS   : 0.000

Type  : Slow 1200mV 85C Model Recovery 'sclk'
Slack : -0.368
TNS   : -1.840

Type  : Slow 1200mV 85C Model Recovery 'clk'
Slack : -0.192
TNS   : -0.576

Type  : Slow 1200mV 85C Model Removal 'clk'
Slack : 0.650
TNS   : 0.000

Type  : Slow 1200mV 85C Model Removal 'sclk'
Slack : 0.764
TNS   : 0.000

Type  : Slow 1200mV 85C Model Minimum Pulse Width 'sclk'
Slack : -3.000
TNS   : -20.108

Type  : Slow 1200mV 85C Model Minimum Pulse Width 'clk'
Slack : -3.000
TNS   : -15.220

Type  : Slow 1200mV 85C Model Minimum Pulse Width 'SerialDispatcher:U1|CurrentState.IDLE'
Slack : 0.409
TNS   : 0.000

Type  : Slow 1200mV 0C Model Setup 'clk'
Slack : -2.527
TNS   : -15.015

Type  : Slow 1200mV 0C Model Setup 'SerialDispatcher:U1|CurrentState.IDLE'
Slack : -0.626
TNS   : -2.760

Type  : Slow 1200mV 0C Model Setup 'sclk'
Slack : -0.163
TNS   : -1.467

Type  : Slow 1200mV 0C Model Hold 'SerialDispatcher:U1|CurrentState.IDLE'
Slack : 0.025
TNS   : 0.000

Type  : Slow 1200mV 0C Model Hold 'clk'
Slack : 0.146
TNS   : 0.000

Type  : Slow 1200mV 0C Model Hold 'sclk'
Slack : 0.293
TNS   : 0.000

Type  : Slow 1200mV 0C Model Recovery 'sclk'
Slack : -0.262
TNS   : -1.310

Type  : Slow 1200mV 0C Model Recovery 'clk'
Slack : -0.100
TNS   : -0.300

Type  : Slow 1200mV 0C Model Removal 'clk'
Slack : 0.607
TNS   : 0.000

Type  : Slow 1200mV 0C Model Removal 'sclk'
Slack : 0.700
TNS   : 0.000

Type  : Slow 1200mV 0C Model Minimum Pulse Width 'sclk'
Slack : -3.000
TNS   : -20.108

Type  : Slow 1200mV 0C Model Minimum Pulse Width 'clk'
Slack : -3.000
TNS   : -15.220

Type  : Slow 1200mV 0C Model Minimum Pulse Width 'SerialDispatcher:U1|CurrentState.IDLE'
Slack : 0.419
TNS   : 0.000

Type  : Fast 1200mV 0C Model Setup 'clk'
Slack : -0.938
TNS   : -4.057

Type  : Fast 1200mV 0C Model Setup 'SerialDispatcher:U1|CurrentState.IDLE'
Slack : 0.171
TNS   : 0.000

Type  : Fast 1200mV 0C Model Setup 'sclk'
Slack : 0.388
TNS   : 0.000

Type  : Fast 1200mV 0C Model Hold 'SerialDispatcher:U1|CurrentState.IDLE'
Slack : -0.076
TNS   : -0.443

Type  : Fast 1200mV 0C Model Hold 'sclk'
Slack : 0.148
TNS   : 0.000

Type  : Fast 1200mV 0C Model Hold 'clk'
Slack : 0.206
TNS   : 0.000

Type  : Fast 1200mV 0C Model Recovery 'sclk'
Slack : 0.320
TNS   : 0.000

Type  : Fast 1200mV 0C Model Recovery 'clk'
Slack : 0.534
TNS   : 0.000

Type  : Fast 1200mV 0C Model Removal 'clk'
Slack : 0.195
TNS   : 0.000

Type  : Fast 1200mV 0C Model Removal 'sclk'
Slack : 0.340
TNS   : 0.000

Type  : Fast 1200mV 0C Model Minimum Pulse Width 'sclk'
Slack : -3.000
TNS   : -17.462

Type  : Fast 1200mV 0C Model Minimum Pulse Width 'clk'
Slack : -3.000
TNS   : -13.387

Type  : Fast 1200mV 0C Model Minimum Pulse Width 'SerialDispatcher:U1|CurrentState.IDLE'
Slack : 0.451
TNS   : 0.000

------------------------------------------------------------
